[scholarrock.com/index.html]
[backblue.gif]
[fade.gif]
[index.html]
[scholarrock.com/wp-content/plugins/wp-alert-bar/public/css/style9704.css]
[scholarrock.com/feed/index.html]
[scholarrock.com/wp-content/plugins/wp-alert-bar/public/css/all9704.css]
[scholarrock.com/comments/feed/index.html]
[scholarrock.com/wp-content/themes/scholar-rock/styleb045.css]
[scholarrock.com/wp-content/plugins/cookie-notice/css/front.min91ee.css]
[scholarrock.com/wp-content/plugins/exit-notifier/assets/css/frontend3109.css]
[scholarrock.com/wp-content/plugins/exit-notifier/assets/css/jAlert.min3109.css]
[scholarrock.com/wp-content/plugins/wp-responsive-menu/assets/css/wpr-hamburger3a79.css]
[scholarrock.com/wp-content/plugins/wp-responsive-menu/assets/css/wprmenu3a79.css]
[scholarrock.com/wp-content/plugins/wp-responsive-menu/inc/assets/icons/wpr-icons3a79.css]
[use.typekit.net/iuz5vjhb045.css]
[scholarrock.com/wp-includes/css/dashicons.min9704.css]
[scholarrock.com/wp-content/themes/scholar-rock/fonts/stylesheetb045.css]
[scholarrock.com/wp-content/themes/scholar-rock/css/accordionb045.css]
[scholarrock.com/wp-content/themes/scholar-rock/lib/gutenberg/front-endb045.css]
[scholarrock.com/wp-content/plugins/elementor/assets/lib/eicons/css/elementor-icons.min444a.css]
[scholarrock.com/wp-content/uploads/elementor/css/custom-frontend.min15f4.css]
[scholarrock.com/wp-content/plugins/elementor/assets/lib/swiper/v8/css/swiper.min94a4.css]
[scholarrock.com/wp-content/plugins/elementor/assets/css/conditionals/e-swiper.min18be.css]
[scholarrock.com/wp-content/uploads/elementor/css/post-14115f4.css]
[scholarrock.com/wp-content/plugins/elementor-pro/assets/css/conditionals/popup.min401f.css]
[scholarrock.com/wp-content/plugins/elementor/assets/lib/animations/styles/fadeIn.min18be.css]
[scholarrock.com/wp-content/plugins/elementor/assets/css/widget-text-editor.min18be.css]
[scholarrock.com/wp-content/plugins/elementor/assets/lib/animations/styles/fadeInUp.min18be.css]
[scholarrock.com/wp-content/uploads/elementor/css/post-815f4.css]
[scholarrock.com/wp-includes/js/jquery/jquery.minf43b.js]
[scholarrock.com/wp-includes/js/jquery/jquery-migrate.min5589.js]
[scholarrock.com/wp-content/plugins/cookie-notice/js/front.min91ee.js]
[scholarrock.com/wp-content/plugins/exit-notifier/assets/js/frontend3109.js]
[scholarrock.com/wp-content/plugins/exit-notifier/assets/js/jAlert.min3109.js]
[scholarrock.com/wp-content/plugins/exit-notifier/assets/js/sweetalert2.all.min3109.js]
[scholarrock.com/wp-content/plugins/wp-responsive-menu/assets/js/modernizr.custom3a79.js]
[scholarrock.com/wp-content/plugins/wp-responsive-menu/assets/js/touchSwipe3a79.js]
[scholarrock.com/wp-content/plugins/wp-responsive-menu/assets/js/wprmenu3a79.js]
[scholarrock.com/wp-json/index.html]
[scholarrock.com/wp-json/wp/v2/pages/8.json]
[scholarrock.com/xmlrpc0db0.php]
[scholarrock.com/wp-json/oembed/1.0/embed21be.json]
[scholarrock.com/wp-json/oembed/1.0/embedd2ba]
[scholarrock.com/wp-content/uploads/2020/08/cropped-favicon-32x32.png]
[scholarrock.com/wp-content/uploads/2020/08/cropped-favicon-192x192.png]
[scholarrock.com/wp-content/uploads/2020/08/cropped-favicon-180x180.png]
[scholarrock.com/wp-content/uploads/2020/08/Logo.svg]
[scholarrock.com/careers/index.html]
[scholarrock.com/cdn-cgi/l/email-protection.html]
[scholarrock.com/contact-us/index.html]
[scholarrock.com/cdn-cgi/scripts/5c5dd728/cloudflare-static/email-decode.min.js]
[scholarrock.com/our-company/board-of-directors/index.html]
[scholarrock.com/our-company/index.html]
[scholarrock.com/our-company/management-team/index.html]
[scholarrock.com/wp-includes/js/hoverIntent.min3e5a.js]
[scholarrock.com/our-science/index.html]
[scholarrock.com/our-science/structural-insights-the-growth-factor-precursor/index.html]
[scholarrock.com/our-science/platform/index.html]
[scholarrock.com/wp-content/themes/genesis/lib/js/menu/superfish.mina71a.js]
[scholarrock.com/our-pipeline/index.html]
[scholarrock.com/our-science/publications-posters/index.html]
[scholarrock.com/wp-content/themes/genesis/lib/js/menu/superfish.args.min3b71.js]
[scholarrock.com/our-pipeline/spinal-muscular-atrophy/index.html]
[scholarrock.com/our-pipeline/oncology/index.html]
[scholarrock.com/wp-content/themes/genesis/lib/js/skip-links.min3b71.js]
[scholarrock.com/our-pipeline/anemia/index.html]
[scholarrock.com/our-pipeline/fibrosis/index.html]
[scholarrock.com/patients-families/index.html]
[scholarrock.com/our-pipeline/clinical-trials/index.html]
[scholarrock.com/community-guidelines/index.html]
[scholarrock.com/expanded-access-policy/index.html]
[kit.fontawesome.com/1dba5e31d468b3.js]
[scholarrock.com/privacy-policy/index.html]
[scholarrock.com/terms-of-use/index.html]
[scholarrock.com/wp-content/themes/scholar-rock/js/accordionb045.js]
[scholarrock.com/wp-content/themes/genesis/lib/js/menu/responsive-menus.minc358.js]
[scholarrock.com/wp-content/plugins/elementor-pro/assets/js/webpack-pro.runtime.min401f.js]
[scholarrock.com/wp-content/plugins/elementor/assets/js/webpack.runtime.min18be.js]
[scholarrock.com/wp-content/plugins/elementor/assets/js/frontend-modules.min18be.js]
[scholarrock.com/wp-includes/js/dist/hooks.min4fdd.js]
[scholarrock.com/wp-includes/js/dist/i18n.minc33c.js]
[scholarrock.com/wp-content/plugins/elementor-pro/assets/js/frontend.min401f.js]
[scholarrock.com/wp-includes/js/jquery/ui/core.minb37e.js]
[scholarrock.com/wp-content/plugins/elementor/assets/js/frontend.min18be.js]
[scholarrock.com/wp-content/plugins/elementor-pro/assets/js/elements-handlers.min401f.js]
[scholarrock.com/cookie-policy/index.html]
[scholarrock.com/index.html]
[scholarrock.com/wp-content/plugins/wp-alert-bar/public/css/style9704.css]
[scholarrock.com/wp-content/plugins/wp-alert-bar/public/webfonts/fa-brands-400.eot]
[scholarrock.com/wp-content/plugins/wp-alert-bar/public/webfonts/fa-brands-400d41d.eot]
[scholarrock.com/wp-content/plugins/wp-alert-bar/public/webfonts/fa-brands-400.woff2]
[scholarrock.com/wp-content/plugins/wp-alert-bar/public/webfonts/fa-brands-400.woff]
[scholarrock.com/wp-content/plugins/wp-alert-bar/public/webfonts/fa-brands-400.ttf]
[scholarrock.com/wp-content/plugins/wp-alert-bar/public/webfonts/fa-brands-400.svg]
[scholarrock.com/wp-content/plugins/wp-alert-bar/public/webfonts/fa-regular-400.eot]
[scholarrock.com/wp-content/plugins/wp-alert-bar/public/webfonts/fa-regular-400d41d.eot]
[scholarrock.com/wp-content/plugins/wp-alert-bar/public/webfonts/fa-regular-400.woff2]
[scholarrock.com/wp-content/plugins/wp-alert-bar/public/webfonts/fa-regular-400.woff]
[scholarrock.com/wp-content/plugins/wp-alert-bar/public/webfonts/fa-regular-400.ttf]
[scholarrock.com/wp-content/plugins/wp-alert-bar/public/webfonts/fa-regular-400.svg]
[scholarrock.com/wp-content/plugins/wp-alert-bar/public/webfonts/fa-solid-900.eot]
[scholarrock.com/wp-content/plugins/wp-alert-bar/public/webfonts/fa-solid-900d41d.eot]
[scholarrock.com/wp-content/plugins/wp-alert-bar/public/webfonts/fa-solid-900.woff2]
[scholarrock.com/wp-content/plugins/wp-alert-bar/public/webfonts/fa-solid-900.woff]
[scholarrock.com/wp-content/plugins/wp-alert-bar/public/webfonts/fa-solid-900.ttf]
[scholarrock.com/wp-content/plugins/wp-alert-bar/public/css/all9704.css]
[scholarrock.com/wp-content/plugins/wp-alert-bar/public/webfonts/fa-solid-900.svg]
[scholarrock.com/wp-content/uploads/2020/09/teaser-before.svg]
[scholarrock.com/wp-content/uploads/2020/09/teaser-dark-before.svg]
[scholarrock.com/wp-content/uploads/2020/08/hero-blob.svg]
[scholarrock.com/wp-content/uploads/2020/08/SAM-Blob.svg]
[scholarrock.com/wp-content/uploads/2020/08/Onc-Blob.svg]
[scholarrock.com/wp-content/uploads/2020/08/Fib-Blob.svg]
[scholarrock.com/wp-content/uploads/2020/08/IRA-Blob.svg]
[scholarrock.com/wp-content/uploads/2020/09/BG-Blobs-Our-Company.svg]
[scholarrock.com/wp-content/uploads/2020/09/BG-Blobs-Our-Science.svg]
[scholarrock.com/wp-content/uploads/2020/09/single-blob.svg]
[scholarrock.com/wp-content/uploads/2020/09/BG-Blobs-Pipeline-1.svg]
[scholarrock.com/wp-content/uploads/2020/09/BG-Blobs-Patients.svg]
[scholarrock.com/wp-content/uploads/2020/08/BG-Blobs-IR.svg]
[scholarrock.com/wp-content/uploads/2020/09/BG-Blobs-Contact.svg]
[scholarrock.com/wp-content/uploads/2020/09/BG-Blobs-Legal.svg]
[scholarrock.com/wp-content/themes/scholar-rock/styleb045.css]
[scholarrock.com/wp-content/plugins/cookie-notice/css/front.min91ee.css]
[scholarrock.com/wp-content/plugins/exit-notifier/assets/css/frontend3109.css]
[scholarrock.com/wp-content/plugins/exit-notifier/assets/css/jAlert.min3109.css]
[scholarrock.com/wp-content/plugins/wp-responsive-menu/assets/css/wpr-hamburger3a79.css]
[scholarrock.com/wp-content/plugins/wp-responsive-menu/assets/fonts/wprmenu5823.eot]
[scholarrock.com/wp-content/plugins/wp-responsive-menu/assets/fonts/wprmenu5823.ttf]
[scholarrock.com/wp-content/plugins/wp-responsive-menu/assets/fonts/wprmenu5823.woff]
[scholarrock.com/wp-content/plugins/wp-responsive-menu/assets/css/wprmenu3a79.css]
[scholarrock.com/wp-content/plugins/wp-responsive-menu/assets/fonts/wprmenu5823.svg]
[scholarrock.com/wp-content/plugins/wp-responsive-menu/inc/assets/icons/fonts/icomoon8134.eot]
[scholarrock.com/wp-content/plugins/wp-responsive-menu/inc/assets/icons/fonts/icomoon8134.ttf]
[scholarrock.com/wp-content/plugins/wp-responsive-menu/inc/assets/icons/fonts/icomoon8134.woff]
[scholarrock.com/wp-content/plugins/wp-responsive-menu/inc/assets/icons/wpr-icons3a79.css]
[scholarrock.com/wp-content/plugins/wp-responsive-menu/inc/assets/icons/fonts/icomoon8134.svg]
[use.typekit.net/af/e1a691/00000000000000003b9b46a4/27/l01e9]
[use.typekit.net/af/e1a691/00000000000000003b9b46a4/27/d01e9]
[use.typekit.net/af/e1a691/00000000000000003b9b46a4/27/a01e9]
[use.typekit.net/af/840b40/00000000000000003b9b46a3/27/lbd27]
[use.typekit.net/af/840b40/00000000000000003b9b46a3/27/dbd27]
[use.typekit.net/af/840b40/00000000000000003b9b46a3/27/abd27]
[use.typekit.net/af/48b26c/00000000000000003b9b46a5/27/lb865]
[use.typekit.net/af/48b26c/00000000000000003b9b46a5/27/db865]
[use.typekit.net/af/48b26c/00000000000000003b9b46a5/27/ab865]
[use.typekit.net/af/98729c/00000000000000003b9b46a6/27/ld440]
[use.typekit.net/af/98729c/00000000000000003b9b46a6/27/dd440]
[use.typekit.net/af/98729c/00000000000000003b9b46a6/27/ad440]
[use.typekit.net/af/59d6a0/00000000000000003b9b46af/27/lf67f]
[use.typekit.net/af/59d6a0/00000000000000003b9b46af/27/df67f]
[use.typekit.net/af/59d6a0/00000000000000003b9b46af/27/af67f]
[use.typekit.net/af/975e1d/00000000000000003b9b46b0/27/l9183]
[use.typekit.net/af/975e1d/00000000000000003b9b46b0/27/d9183]
[use.typekit.net/af/975e1d/00000000000000003b9b46b0/27/a9183]
[use.typekit.net/af/4eb9c2/00000000000000003b9b46b2/27/l01e9]
[use.typekit.net/af/4eb9c2/00000000000000003b9b46b2/27/d01e9]
[use.typekit.net/af/4eb9c2/00000000000000003b9b46b2/27/a01e9]
[use.typekit.net/af/d82cc4/00000000000000003b9b46b1/27/lbd27]
[use.typekit.net/af/d82cc4/00000000000000003b9b46b1/27/dbd27]
[use.typekit.net/af/d82cc4/00000000000000003b9b46b1/27/abd27]
[use.typekit.net/af/fe6f78/00000000000000003b9b46b3/27/lb865]
[use.typekit.net/af/fe6f78/00000000000000003b9b46b3/27/db865]
[use.typekit.net/af/fe6f78/00000000000000003b9b46b3/27/ab865]
[use.typekit.net/af/d18527/00000000000000003b9b46b4/27/ld440]
[use.typekit.net/af/d18527/00000000000000003b9b46b4/27/dd440]
[use.typekit.net/iuz5vjhb045.css]
[use.typekit.net/af/d18527/00000000000000003b9b46b4/27/ad440]
[scholarrock.com/wp-includes/fonts/dashicons7d4b.eot]
[scholarrock.com/wp-includes/fonts/dashicons7d4b.ttf]
[scholarrock.com/wp-includes/css/dashicons.min9704.css]
[scholarrock.com/wp-content/themes/scholar-rock/fonts/ndqfonticons.woff]
[scholarrock.com/wp-content/themes/scholar-rock/fonts/stylesheetb045.css]
[scholarrock.com/wp-content/themes/scholar-rock/css/accordionb045.css]
[scholarrock.com/wp-content/themes/scholar-rock/lib/gutenberg/front-endb045.css]
[scholarrock.com/wp-content/plugins/elementor/assets/lib/eicons/fonts/eiconsbe76.eot]
[scholarrock.com/wp-content/plugins/elementor/assets/lib/eicons/fonts/eiconsbe76.woff2]
[scholarrock.com/wp-content/plugins/elementor/assets/lib/eicons/fonts/eiconsbe76.woff]
[scholarrock.com/wp-content/plugins/elementor/assets/lib/eicons/fonts/eiconsbe76.ttf]
[scholarrock.com/wp-content/plugins/elementor/assets/lib/eicons/css/elementor-icons.min444a.css]
[scholarrock.com/wp-content/uploads/elementor/css/custom-frontend.min15f4.css]
[scholarrock.com/wp-content/plugins/elementor/assets/lib/swiper/v8/css/swiper.min94a4.css]
[scholarrock.com/wp-content/plugins/elementor/assets/css/conditionals/e-swiper.min18be.css]
[scholarrock.com/wp-content/uploads/elementor/css/post-14115f4.css]
[scholarrock.com/wp-content/plugins/elementor-pro/assets/css/conditionals/popup.min401f.css]
[scholarrock.com/wp-content/plugins/elementor/assets/lib/animations/styles/fadeIn.min18be.css]
[scholarrock.com/wp-content/plugins/elementor/assets/css/widget-text-editor.min18be.css]
[scholarrock.com/wp-content/plugins/elementor/assets/lib/animations/styles/fadeInUp.min18be.css]
[scholarrock.com/wp-content/uploads/elementor/css/post-815f4.css]
[scholarrock.com/xmlrpc.php]
[www.googletagmanager.com/gtm5445.html]
[scholarrock.com/wp-content/plugins/elementor/assets/lib/eicons/fonts/eiconsbe76.svg]
[scholarrock.com/wp-content/plugins/elementor/assets/css/widget-image.min18be.css]
[scholarrock.com/wp-content/uploads/elementor/css/post-66616f.css]
[scholarrock.com/wp-json/wp/v2/pages/66.json]
[scholarrock.com/wp-json/oembed/1.0/embed6638.json]
[scholarrock.com/wp-json/oembed/1.0/embed142a]
[scholarrock.com/wp-content/uploads/2020/09/who-we-are.svg]
[scholarrock.com/wp-content/uploads/2020/09/workflow.svg]
[scholarrock.com/wp-content/uploads/2020/09/career-development.svg]
[scholarrock.com/wp-content/uploads/2020/09/perks-image.png]
[scholarrock.com/wp-content/uploads/2020/10/confronting-convention-image-new.png]
[cdnjs.cloudflare.com/ajax/libs/list.js/1.5.0/list.min.js]
[andreasmb.github.io/lever-jobs-embed/index.js]
[scholarrock.com/careers/index.html]
[scholarrock.com/wp-content/uploads/2020/08/Logo.svg]
[scholarrock.com/wp-content/uploads/elementor/css/post-68a8e3.css]
[scholarrock.com/wp-json/wp/v2/pages/68.json]
[scholarrock.com/wp-json/oembed/1.0/embedea56.json]
[scholarrock.com/wp-json/oembed/1.0/embed5929]
[scholarrock.com/wp-content/uploads/2020/09/address-image.png]
[scholarrock.com/wp-content/plugins/ninja-forms/assets/css/display-structure9704.css]
[scholarrock.com/wp-includes/js/underscore.min3ab8.js]
[scholarrock.com/wp-includes/js/backbone.minaff7.js]
[scholarrock.com/wp-content/plugins/ninja-forms/assets/js/min/front-end-deps0ed7.js]
[scholarrock.com/wp-content/plugins/ninja-forms/assets/js/min/front-end0ed7.js]
[scholarrock.com/contact-us/index.html]
[scholarrock.com/wp-content/plugins/ninja-forms-conditionals/assets/js/min/front-end9704.js]
[scholarrock.com/wp-content/uploads/elementor/css/post-107519.css]
[scholarrock.com/wp-json/wp/v2/pages/10.json]
[scholarrock.com/wp-json/oembed/1.0/embedaa5e.json]
[scholarrock.com/wp-json/oembed/1.0/embed5833]
[scholarrock.com/wp-content/uploads/2020/09/female-scientist.png]
[scholarrock.com/wp-content/uploads/2020/09/no-swim-lanes.svg]
[scholarrock.com/wp-content/uploads/2020/09/values.svg]
[scholarrock.com/wp-content/uploads/2020/09/statue.png]
[scholarrock.com/wp-content/uploads/2020/09/join-our-team.svg]
[scholarrock.com/our-company/partnering/index.html]
[scholarrock.com/our-company/index.html]
[scholarrock.com/wp-content/uploads/elementor/css/post-372e4f7.css]
[scholarrock.com/wp-json/wp/v2/pages/372.json]
[scholarrock.com/wp-json/oembed/1.0/embed6779.json]
[scholarrock.com/wp-json/oembed/1.0/embedcfdd]
[scholarrock.com/our-company/9071/management-team/jay-backstrom/index.html]
[scholarrock.com/our-company/7606/management-team/junlin-ho/index.html]
[scholarrock.com/our-company/9116/management-team/jing-marantz/index.html]
[scholarrock.com/our-company/7616/management-team/ted-myles/index.html]
[scholarrock.com/our-company/8406/management-team/caryn-parlavecchio/index.html]
[scholarrock.com/our-company/9321/management-team/mo-qatanani/index.html]
[scholarrock.com/our-company/9256/management-team/tracey-sacco/index.html]
[scholarrock.com/our-company/10396/management-team/beth-shafer/index.html]
[scholarrock.com/our-company/management-team/index.html]
[scholarrock.com/wp-content/uploads/elementor/css/post-374ffce.css]
[scholarrock.com/wp-json/wp/v2/pages/374.json]
[scholarrock.com/wp-json/oembed/1.0/embedf8b7.json]
[scholarrock.com/wp-json/oembed/1.0/embedd2b2]
[scholarrock.com/our-company/6241/board-of-directors/david-hallal/index.html]
[scholarrock.com/our-company/9021/board-of-directors/sriniakkarajumdphd-/index.html]
[scholarrock.com/our-company/9071/board-of-directors/jay-backstrom/index.html]
[scholarrock.com/our-company/9381/board-of-directors/richard-brudnick/index.html]
[scholarrock.com/our-company/6226/board-of-directors/kristina-burow/index.html]
[scholarrock.com/our-company/6251/board-of-directors/jeffrey-flier/index.html]
[scholarrock.com/our-company/6221/board-of-directors/michael-gilman/index.html]
[scholarrock.com/our-company/9926/board-of-directors/katie-peng/index.html]
[scholarrock.com/our-company/8136/board-of-directors/joshua-reed/index.html]
[scholarrock.com/our-company/6276/board-of-directors/akshay-vaishnaw/index.html]
[scholarrock.com/our-company/board-of-directors/index.html]
[scholarrock.com/wp-content/uploads/elementor/css/post-18d217.css]
[scholarrock.com/wp-json/wp/v2/pages/18.json]
[scholarrock.com/wp-json/oembed/1.0/embed1c84.json]
[scholarrock.com/wp-json/oembed/1.0/embeda87d]
[scholarrock.com/wp-content/uploads/2020/09/our-science-image.png]
[scholarrock.com/wp-content/uploads/2024/10/Scholar-Rock-SITC-poster-2024.pdf]
[scholarrock.com/wp-content/uploads/2024/10/Scholar-Rock-Obesity-Week-poster-2024.pdf]
[scholarrock.com/publications/index.html]
[scholarrock.com/wp-content/uploads/2024/10/Crawford-2024-WMS.pdf]
[scholarrock.com/our-science/index.html]
[scholarrock.com/wp-content/uploads/elementor/css/post-2090dd.css]
[scholarrock.com/posters/index.html]
[scholarrock.com/wp-json/wp/v2/pages/20.json]
[scholarrock.com/wp-json/oembed/1.0/embedf7d2.json]
[scholarrock.com/wp-json/oembed/1.0/embedb701]
[scholarrock.com/wp-content/uploads/2020/10/precursor-complex-3.jpg]
[scholarrock.com/wp-content/uploads/2020/10/superfamily-2.jpg]
[scholarrock.com/our-science/structural-insights-the-growth-factor-precursor/index.html]
[scholarrock.com/wp-content/uploads/elementor/css/post-224ed9.css]
[scholarrock.com/wp-json/wp/v2/pages/22.json]
[scholarrock.com/wp-json/oembed/1.0/embed70a1.json]
[scholarrock.com/wp-json/oembed/1.0/embed6510]
[scholarrock.com/wp-content/uploads/2020/09/platform-image-1.png]
[scholarrock.com/wp-content/uploads/2020/09/how-it-works-chart-1.svg]
[scholarrock.com/wp-content/uploads/2020/09/datta-quote-image.png]
[scholarrock.com/wp-content/uploads/2022/01/look-to-future-image-1.png]
[scholarrock.com/our-science/platform/index.html]
[scholarrock.com/wp-content/uploads/elementor/css/post-24f1b8.css]
[scholarrock.com/wp-json/wp/v2/pages/24.json]
[scholarrock.com/wp-json/oembed/1.0/embeda4d8.json]
[scholarrock.com/wp-json/oembed/1.0/embedca3d]
[scholarrock.com/wp-content/uploads/2020/09/publications-image.png]
[scholarrock.com/wp-content/uploads/2020/10/posters-image-new.png]
[scholarrock.com/our-science/publications-posters/index.html]
[scholarrock.com/wp-content/uploads/elementor/css/custom-widget-toggle.min15f4.css]
[scholarrock.com/wp-content/uploads/elementor/css/post-266c29.css]
[scholarrock.com/wp-content/plugins/elementor/assets/lib/font-awesome/css/fontawesome.min52d5.css]
[scholarrock.com/wp-content/plugins/elementor/assets/lib/font-awesome/css/solid.min52d5.css]
[scholarrock.com/wp-json/wp/v2/pages/26.json]
[scholarrock.com/wp-json/oembed/1.0/embedf95b.json]
[scholarrock.com/wp-json/oembed/1.0/embed93d8]
[scholarrock.com/our-pipeline/index.html]
[scholarrock.com/wp-content/plugins/elementor/assets/css/widget-spacer.min18be.css]
[scholarrock.com/wp-content/uploads/elementor/css/post-28011a.css]
[scholarrock.com/wp-json/wp/v2/pages/28.json]
[scholarrock.com/wp-json/oembed/1.0/embed3ac8.json]
[scholarrock.com/wp-json/oembed/1.0/embed76c3]
[scholarrock.com/wp-content/uploads/2020/09/srk-15-image.png]
[scholarrock.com/wp-content/uploads/2020/09/ryan-quote.png]
[scholarrock.com/wp-content/uploads/2021/12/sapphire.jpg]
[scholarrock.com/wp-content/uploads/2020/09/topaz.jpg]
[scholarrock.com/wp-content/uploads/2020/09/Patients-First.png]
[scholarrock.com/wp-content/uploads/2020/09/Patients-First-2.png]
[scholarrock.com/our-pipeline/spinal-muscular-atrophy/index.html]
[scholarrock.com/wp-content/uploads/elementor/css/post-30382c.css]
[scholarrock.com/wp-json/wp/v2/pages/30.json]
[scholarrock.com/wp-json/oembed/1.0/embed3589.json]
[scholarrock.com/wp-json/oembed/1.0/embed7c86]
[scholarrock.com/wp-content/uploads/2020/09/oncology-image.png]
[scholarrock.com/wp-content/uploads/2020/10/dragon.svg]
[scholarrock.com/wp-content/uploads/2020/09/patients-first-woman.png]
[scholarrock.com/wp-content/uploads/2020/09/patients-first-woman-dog.png]
[scholarrock.com/our-pipeline/oncology/index.html]
[scholarrock.com/wp-json/wp/v2/pages/32.json]
[scholarrock.com/wp-json/oembed/1.0/embed8bc2.json]
[scholarrock.com/our-pipeline/anemia/index.html]
[scholarrock.com/wp-json/oembed/1.0/embede80e]
[scholarrock.com/wp-json/wp/v2/pages/34.json]
[scholarrock.com/wp-json/oembed/1.0/embedd21c.json]
[scholarrock.com/our-pipeline/fibrosis/index.html]
[scholarrock.com/wp-json/oembed/1.0/embed9ec8]
[scholarrock.com/wp-content/uploads/elementor/css/post-36d022.css]
[scholarrock.com/wp-json/wp/v2/pages/36.json]
[scholarrock.com/wp-json/oembed/1.0/embed2060.json]
[scholarrock.com/wp-json/oembed/1.0/embed0c7d]
[scholarrock.com/wp-content/uploads/2021/12/sapphire.svg]
[scholarrock.com/our-pipeline/clinical-trials/index.html]
[scholarrock.com/wp-content/uploads/elementor/css/post-380255.css]
[scholarrock.com/wp-json/wp/v2/pages/38.json]
[scholarrock.com/wp-json/oembed/1.0/embed5db1.json]
[scholarrock.com/wp-json/oembed/1.0/embed34a3]
[scholarrock.com/wp-content/uploads/2020/09/patients-families-image.png]
[scholarrock.com/wp-content/uploads/2020/09/patients-families-image-floater-1.png]
[scholarrock.com/patients-families/index.html]
[scholarrock.com/cdn-cgi/l/email-protection.html]
[scholarrock.com/wp-json/wp/v2/pages/152.json]
[scholarrock.com/wp-json/oembed/1.0/embed3fb4.json]
[scholarrock.com/wp-json/oembed/1.0/embed9774]
[scholarrock.com/community-guidelines/index.html]
[scholarrock.com/wp-json/wp/v2/pages/154.json]
[scholarrock.com/wp-json/oembed/1.0/embed8491.json]
[scholarrock.com/wp-json/oembed/1.0/embed7742]
[scholarrock.com/wp-content/uploads/2020/09/expanded-access-image.png]
[scholarrock.com/expanded-access-policy/index.html]
[scholarrock.com/wp-json/wp/v2/pages/74.json]
[scholarrock.com/wp-json/oembed/1.0/embedb50b.json]
[scholarrock.com/terms-of-use/index.html]
[scholarrock.com/wp-json/oembed/1.0/embed9ca7]
[scholarrock.com/wp-json/wp/v2/pages/70.json]
[scholarrock.com/wp-json/oembed/1.0/embed4e22.json]
[scholarrock.com/privacy-policy/index.html]
[scholarrock.com/wp-json/oembed/1.0/embed551e]
[scholarrock.com/wp-json/wp/v2/pages/885.json]
[scholarrock.com/wp-json/oembed/1.0/embed73c7.json]
[scholarrock.com/wp-json/oembed/1.0/embed8089]
[scholarrock.com/cookie-policy/index.html]
[scholarrock.com/wp-content/plugins/wp-alert-bar/public/webfonts/fa-brands-400.svg]
[scholarrock.com/wp-content/plugins/wp-alert-bar/public/webfonts/fa-regular-400.svg]
[scholarrock.com/wp-content/plugins/wp-alert-bar/public/webfonts/fa-solid-900.svg]
[scholarrock.com/wp-content/uploads/2020/09/teaser-before.svg]
[scholarrock.com/wp-content/uploads/2020/09/teaser-dark-before.svg]
[scholarrock.com/wp-content/uploads/2020/08/hero-blob.svg]
[scholarrock.com/wp-content/uploads/2020/08/SAM-Blob.svg]
[scholarrock.com/wp-content/uploads/2020/08/Onc-Blob.svg]
[scholarrock.com/wp-content/uploads/2020/08/Fib-Blob.svg]
[scholarrock.com/wp-content/uploads/2020/08/IRA-Blob.svg]
[scholarrock.com/wp-content/uploads/2020/09/BG-Blobs-Our-Company.svg]
[scholarrock.com/wp-content/uploads/2020/09/BG-Blobs-Our-Science.svg]
[scholarrock.com/wp-content/uploads/2020/09/single-blob.svg]
[scholarrock.com/wp-content/uploads/2020/09/BG-Blobs-Pipeline-1.svg]
[scholarrock.com/wp-content/uploads/2020/09/BG-Blobs-Patients.svg]
[scholarrock.com/wp-content/uploads/2020/08/BG-Blobs-IR.svg]
[scholarrock.com/wp-content/uploads/2020/09/BG-Blobs-Contact.svg]
[scholarrock.com/wp-content/uploads/2020/09/BG-Blobs-Legal.svg]
[scholarrock.com/wp-content/plugins/wp-responsive-menu/assets/fonts/wprmenu5823.svg]
[scholarrock.com/wp-content/plugins/wp-responsive-menu/inc/assets/icons/fonts/icomoon8134.svg]
[p.typekit.net/p4ed5.css]
[scholarrock.com/wp-content/plugins/elementor/assets/lib/eicons/fonts/eiconsbe76.svg]
[scholarrock.com/wp-content/plugins/elementor/assets/css/widget-image.min18be.css]
[scholarrock.com/wp-content/uploads/elementor/css/post-66616f.css]
[scholarrock.com/index4f61.html]
[scholarrock.com/wp-content/uploads/2020/09/who-we-are.svg]
[scholarrock.com/wp-content/uploads/2020/09/workflow.svg]
[scholarrock.com/wp-content/uploads/2020/09/career-development.svg]
[scholarrock.com/wp-content/uploads/elementor/css/post-68a8e3.css]
[scholarrock.com/index7ef4.html]
[scholarrock.com/wp-content/plugins/ninja-forms/assets/img/help-info.png]
[scholarrock.com/wp-content/plugins/ninja-forms/assets/css/display-structure9704.css]
[scholarrock.com/wp-content/uploads/elementor/css/post-107519.css]
[scholarrock.com/index64b4.html]
[scholarrock.com/wp-content/uploads/2020/09/no-swim-lanes.svg]
[scholarrock.com/wp-content/uploads/2020/09/values.svg]
[scholarrock.com/our-company/partnering/index.html]
[scholarrock.com/wp-content/uploads/2020/09/join-our-team.svg]
[scholarrock.com/wp-content/uploads/elementor/css/post-372e4f7.css]
[scholarrock.com/indexc3ba.html]
[scholarrock.com/wp-includes/css/dist/block-library/style.min9704.css]
[scholarrock.com/our-company/9071/management-team/jay-backstrom/index.html]
[scholarrock.com/our-company/7606/management-team/junlin-ho/index.html]
[scholarrock.com/our-company/9116/management-team/jing-marantz/index.html]
[scholarrock.com/our-company/7616/management-team/ted-myles/index.html]
[scholarrock.com/our-company/8406/management-team/caryn-parlavecchio/index.html]
[scholarrock.com/our-company/9321/management-team/mo-qatanani/index.html]
[scholarrock.com/our-company/9256/management-team/tracey-sacco/index.html]
[scholarrock.com/our-company/10396/management-team/beth-shafer/index.html]
[scholarrock.com/wp-content/uploads/elementor/css/post-374ffce.css]
[scholarrock.com/index9222.html]
[scholarrock.com/our-company/6241/board-of-directors/david-hallal/index.html]
[scholarrock.com/our-company/9021/board-of-directors/sriniakkarajumdphd-/index.html]
[scholarrock.com/our-company/9071/board-of-directors/jay-backstrom/index.html]
[scholarrock.com/our-company/9381/board-of-directors/richard-brudnick/index.html]
[scholarrock.com/our-company/6226/board-of-directors/kristina-burow/index.html]
[scholarrock.com/our-company/6251/board-of-directors/jeffrey-flier/index.html]
[scholarrock.com/our-company/6221/board-of-directors/michael-gilman/index.html]
[scholarrock.com/our-company/9926/board-of-directors/katie-peng/index.html]
[scholarrock.com/our-company/8136/board-of-directors/joshua-reed/index.html]
[scholarrock.com/our-company/6276/board-of-directors/akshay-vaishnaw/index.html]
[scholarrock.com/wp-content/uploads/elementor/css/post-18d217.css]
[scholarrock.com/index0735.html]
[scholarrock.com/publications/index.html]
[scholarrock.com/publications/page/2/index.html]
[scholarrock.com/wp-content/uploads/2024/10/Crawford-2024-WMS-SAPPHIRE.176.delayed]
[scholarrock.com/publications/feed/index.html]
[scholarrock.com/posters/page/2/index.html]
[scholarrock.com/posters/feed/index.html]
[scholarrock.com/wp-content/uploads/2024/06/Scholar-Rock-ADA-Presentation-2024.pdf]
[scholarrock.com/wp-content/uploads/2024/06/Cherubino-2024-CureSMA.pdf]
[scholarrock.com/posters/page/3/index.html]
[scholarrock.com/posters/index.html]
[scholarrock.com/wp-content/uploads/elementor/css/post-2090dd.css]
[scholarrock.com/index341b.html]
[scholarrock.com/wp-content/uploads/elementor/css/post-224ed9.css]
[scholarrock.com/index0345.html]
[scholarrock.com/wp-content/uploads/2020/09/how-it-works-chart-1.svg]
[scholarrock.com/wp-content/uploads/elementor/css/post-24f1b8.css]
[scholarrock.com/index2cf9.html]
[scholarrock.com/wp-content/uploads/elementor/css/custom-widget-toggle.min15f4.css]
[scholarrock.com/wp-content/uploads/elementor/css/post-266c29.css]
[scholarrock.com/wp-content/plugins/elementor/assets/lib/font-awesome/css/fontawesome.min52d5.css]
[scholarrock.com/posters/page/11/index.html]
[scholarrock.com/wp-content/plugins/elementor/assets/lib/font-awesome/webfonts/fa-solid-900.eot]
[scholarrock.com/wp-content/plugins/elementor/assets/lib/font-awesome/webfonts/fa-solid-900d41d.eot]
[scholarrock.com/wp-content/plugins/elementor/assets/lib/font-awesome/webfonts/fa-solid-900.woff2]
[scholarrock.com/wp-content/plugins/elementor/assets/lib/font-awesome/webfonts/fa-solid-900.woff]
[scholarrock.com/wp-content/plugins/elementor/assets/lib/font-awesome/webfonts/fa-solid-900.ttf]
[scholarrock.com/wp-content/plugins/elementor/assets/lib/font-awesome/css/solid.min52d5.css]
[scholarrock.com/index88b9.html]
[scholarrock.com/wp-content/plugins/elementor/assets/css/widget-spacer.min18be.css]
[scholarrock.com/wp-content/uploads/elementor/css/post-28011a.css]
[scholarrock.com/index3c55.html]
[scholarrock.com/wp-content/uploads/elementor/css/post-30382c.css]
[scholarrock.com/index5643.html]
[scholarrock.com/wp-content/uploads/2020/10/dragon.svg]
[scholarrock.com/index6c46.html]
[scholarrock.com/index1e7e.html]
[scholarrock.com/wp-content/uploads/elementor/css/post-36d022.css]
[scholarrock.com/index0d0b.html]
[scholarrock.com/wp-content/uploads/2021/12/sapphire.svg]
[scholarrock.com/wp-content/uploads/elementor/css/post-380255.css]
[scholarrock.com/indexb93f.html]
[scholarrock.com/index1611.html]
[scholarrock.com/index87e6.html]
[scholarrock.com/index49a5.html]
[scholarrock.com/index3f3a.html]
[scholarrock.com/index0c42.html]
[scholarrock.com/wp-content/plugins/elementor/assets/lib/font-awesome/webfonts/fa-solid-900.svg]
[scholarrock.com/wp-includes/css/dist/block-library/style.min9704.css]
[scholarrock.com/publications/page/2/index.html]
[scholarrock.com/wp-content/uploads/2024/06/SRK-181-ASCO-2024-Presentation-FINAL2.pdf]
[scholarrock.com/wp-content/uploads/2024/03/Crawford-2024-SMA-EU.pdf]
[scholarrock.com/wp-content/uploads/2024/03/Feb2624_MDA2024_UnmetNeedsPoster_S90_Castro_Final.pdf]
[scholarrock.com/wp-content/uploads/2024/03/Crawford-2024-MDA.pdf]
[scholarrock.com/wp-content/uploads/2024/02/fulham-SRRK-keystone-jan-2024_FINAL.pdf]
[scholarrock.com/wp-content/uploads/2023/11/November-SRK-181-SITC-ccRCC-Poster.pdf]
[scholarrock.com/posters/page/2/index.html]
[scholarrock.com/posters/page/4/index.html]
[scholarrock.com/wp-content/uploads/2023/11/November-SRK-181-SITC-Biomarker.pdf]
[scholarrock.com/wp-content/uploads/2023/10/P234_WMS-TOPAZ-36M_PRO_Crawford_Final.pdf]
[scholarrock.com/wp-content/uploads/2023/10/P224_WMS-TOPAZ-36M_Clinical_Crawford_Final.pdf]
[scholarrock.com/wp-content/uploads/2023/09/2023-DoT-presentation.pdf]
[scholarrock.com/wp-content/uploads/2023/09/2023-DoT-Poster.pdf]
[scholarrock.com/wp-content/uploads/2023/06/TOPAZ-CureSMA-36-month-presentation_FINAL_07012023.pdf]
[scholarrock.com/posters/page/3/index.html]
[scholarrock.com/wp-content/uploads/2020/09/EU-SMA-2018-Inhibition-Myostatin-Activation-by-SRK-015-Promotes-Muscle-Strength-in-SMA-Mouse.pdf]
[scholarrock.com/posters/page/5/index.html]
[scholarrock.com/posters/page/10/index.html]
[scholarrock.com/wp-content/uploads/2020/09/ASN-2017-Highly-Specific-TGFb1-Demonstrates-Antifibrotic-Activity.pdf]
[scholarrock.com/wp-content/uploads/2020/09/GRC-2017-Complex-Specific-Inhibitors-of-latent-TGFb1-activation.pdf]
[scholarrock.com/wp-content/uploads/2020/09/2017-Cure-SMA-Novel-Approach-to-Improving-Muscle-Function-in-SMA-Patients.pdf]
[scholarrock.com/wp-content/uploads/2020/09/FASEB-2017-Poster-TGFb1-has-antifibrotic-activity.pdf]
[scholarrock.com/posters/page/11/index.html]
[scholarrock.com/wp-content/plugins/elementor/assets/lib/font-awesome/webfonts/fa-solid-900.svg]
[investors.scholarrock.com/sites/g/files/knoqqb30506/themes/site/nir_pid2662/img/unsorted.gif]
[scholarrock.com/posters/page/9/index.html]
[scholarrock.com/wp-content/uploads/2023/03/MDA-2023_Crawford-TOPAZ-Oral_FINAL031323P.pdf]
[scholarrock.com/wp-content/uploads/2023/03/SRK-181-DRAGON-ESMO-TAT-Presentation-Final.pdf]
[scholarrock.com/wp-content/uploads/2022/12/ACT-2022-Poster_09Nov2022.pdf]
[scholarrock.com/wp-content/uploads/2022/11/DRAGON-SITC-2022-Poster_FINAL.pdf]
[scholarrock.com/wp-content/uploads/2022/10/SRK015_SMA-EU-TOPAZ_Tertiary-Analysis-Oct-22-FINAL.pdf]
[scholarrock.com/wp-content/uploads/2022/10/WMS-2022_SRK015_SMA_TOPAZ_24m_addlanalLOCKFINAL.pdf]
[scholarrock.com/posters/page/4/index.html]
[scholarrock.com/wp-content/uploads/2022/09/12th-World-Clinical-Biomarker-CDx-Summit_Sept-2022.pdf]
[scholarrock.com/posters/page/6/index.html]
[scholarrock.com/wp-content/uploads/2022/09/ACCP-2022-Preliminary-Population-Pharmacokinetic-Modeling-of-SRK-181-from-Phase-1-Dose-Escalation-Study.pdf]
[scholarrock.com/wp-content/uploads/2022/07/Selective-Targeting-of-Matrix-Associated-TGFβ1-is-an-Attractive-Approach-for-Anti-Fibrotic-Therapy.pdf]
[scholarrock.com/wp-content/uploads/2022/06/SRK015_SMA_2022_CureSMA_TOPAZ_EXT_Topline_24m_14June2022_FINAL-bu.pdf]
[scholarrock.com/wp-content/uploads/2022/06/SRK015_SMA_2022_CureSMA_TOPAZ_EVIDERA_14June2022FINAL.pdf]
[scholarrock.com/wp-content/uploads/2022/05/SRRK_EPNS2022Presentation.pdf]
[scholarrock.com/posters/page/5/index.html]
[scholarrock.com/wp-content/uploads/2020/09/Clinical-Development-of-SRK-015-SMA-Europe-2020.pdf]
[scholarrock.com/posters/page/7/index.html]
[scholarrock.com/wp-content/uploads/2020/09/World-Muscle-Society-SRK-015-Prec-and-Ph1-2019-10-02.pdf]
[scholarrock.com/wp-content/uploads/2020/09/2019-AACR-Defeating-primary-checkpoint-resistance-SRK-181.pdf]
[scholarrock.com/wp-content/uploads/2020/09/SITC-2018-Poster-FINAL-2018-11-09.pdf]
[scholarrock.com/wp-content/uploads/2020/09/2018-Scholar-Rock-BMP-Poster_20181016.pdf]
[scholarrock.com/wp-content/uploads/2020/09/GRC-2018-Discovery-of-Isoform-Specific-Inhibitor-of-TGFb1-Activation.pdf]
[scholarrock.com/posters/page/10/index.html]
[scholarrock.com/wp-content/uploads/2020/12/WMS_2020_Latent-Myostatin_Poster.pdf]
[scholarrock.com/posters/page/8/index.html]
[scholarrock.com/wp-content/uploads/2020/06/CureSMA_2020_ClinDevOralPresentation.pdf]
[scholarrock.com/wp-content/uploads/2020/06/CureSMA_2020_TOPAZOralPresentation.pdf]
[scholarrock.com/wp-content/uploads/2020/09/AAN_2020_TOPAZOralPresentation_2020-05-07_with-audio.pdf]
[scholarrock.com/wp-content/uploads/2020/09/MDA-2020-TOPAZ-SMA-Introduction.pdf]
[scholarrock.com/wp-content/uploads/2020/09/TOPAZ-Trial-Design-SMA-Europe-2020.pdf]
[scholarrock.com/posters/page/9/index.html]
[scholarrock.com/wp-content/uploads/2022/04/2022AANPoster_ScholarRock.pdf]
[scholarrock.com/wp-content/uploads/2022/03/MDA2022_ScholarRock.pdf]
[scholarrock.com/wp-content/uploads/2022/01/TGFβ-for-Immuno-Oncology-Drug-Development-Summit-2022_ScholarRock.pdf]
[scholarrock.com/wp-content/uploads/2021/11/SITC2021_532_ScholarRock.pdf]
[scholarrock.com/wp-content/uploads/2021/09/WCN2021_EP1150_ScholarRock.pdf]
[scholarrock.com/wp-content/uploads/2021/09/CNS2021_ApitegromabPOS310_ScholarRock.pdf]
[scholarrock.com/posters/page/6/index.html]
[scholarrock.com/wp-content/uploads/2021/09/WMS2021PosterEP277_ScholarRock.pdf]
[scholarrock.com/wp-content/uploads/2021/09/WMS2021PosterLBP10_ScholarRock.pdf]
[scholarrock.com/wp-content/uploads/2021/08/SRK015_SMA_2021_EAN_Presentation_061921.pdf]
[scholarrock.com/wp-content/uploads/2021/06/SRK181_2021_ASCOPoster_060421.pdf]
[scholarrock.com/wp-content/uploads/2021/05/SRK015_SMA_2021_ICNMD_InterimanalysisTOPAZPoster_052121.pdf]
[scholarrock.com/wp-content/uploads/2021/04/SRK015_SMA_2021_AAN_InterimanalysisTOPAZPoster_FINAL.pdf]
[scholarrock.com/posters/page/7/index.html]
[scholarrock.com/wp-content/uploads/2021/04/AACR_2021_SRK181_FINAL.pdf]
[scholarrock.com/wp-content/uploads/2021/03/2021MDAPresentation_SRRK.pdf]
[scholarrock.com/wp-content/uploads/2021/03/2021MDAPoster_SRRK.pdf]
[scholarrock.com/wp-content/uploads/2021/01/TGFβ-for-Immuno-Oncology-Drug-Development-Summit-2021_ScholarRock.pdf]
[scholarrock.com/wp-content/uploads/2020/11/SITC_2020_DRAGON402Poster.pdf]
[scholarrock.com/wp-content/uploads/2020/12/WMS_2020_Clinical-Development-and-TOPAZ_Poster.pdf]
[scholarrock.com/posters/page/8/index.html]
